========================================================
driver_phase1.sh auto run
timestamp: 2026-02-21T21:28:46+00:00
run_tag: phase1_smoke
cores: 1
core_masks: 
qpairs: 1
qd_list: 16
io_sizes: 4096
repeats: 1
steady_time: 10
pci_addr: 0000:02:00.0
pci_check: 0
perf_enable: 1
skip_setup: 1
hugemem_mb: 2048
session_name: phase1_auto
console: localhost:3456
guest_wait: 20
guest_cwd: <unset>
wait_for_regex: login:|# 
wait_timeout: 600
use_readfile: 0
guest_repo: /root/SimpleSSD_Gem5_simulation
guest_repo_candidates: /root/SimpleSSD_Gem5_simulation /home/root/SimpleSSD_Gem5_simulation /home/ubuntu/SimpleSSD_Gem5_simulation /mnt/host/SimpleSSD_Gem5_simulation /mnt/9p/SimpleSSD_Gem5_simulation
metadata_file: /home/fangy6/SimpleSSD_Gem5_simulation/results/phase1_runs/phase1_smoke/metadata.json
log_file: /home/fangy6/SimpleSSD_Gem5_simulation/logs/driver_phase1_phase1_smoke.log
========================================================
Auto mode: tmux session 'phase1_auto' created.
Tailing combined log in this terminal.
Warning: gem5 does not appear to be running.
Start it with: /home/fangy6/SimpleSSD_Gem5_simulation/scripts/boot_gem5.sh start
Last log: /home/fangy6/SimpleSSD_Gem5_simulation/logs/gem5.out
console exited, retrying in 2s
gem5 started (pid 3314240)
log: /home/fangy6/SimpleSSD_Gem5_simulation/logs/gem5.out
boot_gem5.sh exited
[?2004h(base) fangy6@tzhang1:~/SimpleSSD_Gem5_simulation$ ==== m5 slave terminal: Terminal 0 ====
Linux version 5.4.49 (aakahlow@amarillo) (gcc version 7.5.0 (Ubuntu 7.5.0-3ubuntu1~18.04)) #8 SMP Mon Jun 29 14:40:17 PDT 2020
Command line: earlyprintk=ttyS0 console=ttyS0 lpj=7999923 root=/dev/hda1 noibrs noibpb nopti nospectre_v2 nospectre_v1 l1tf=off nospec_store_bypass_disable no_stf_barrier mds=off mitigations=off 
CPU: vendor_id 'M5 Simulator' unknown, using generic init.
CPU: Your system may be unstable.
x86/fpu: x87 FPU will use FXSAVE
BIOS-provided physical RAM map:
BIOS-e820: [mem 0x0000000000000000-0x000000000009fbff] usable
BIOS-e820: [mem 0x000000000009fc00-0x00000000000fffff] reserved
BIOS-e820: [mem 0x0000000000100000-0x00000000bfffffff] usable
BIOS-e820: [mem 0x00000000ffff0000-0x00000000ffffffff] reserved
BIOS-e820: [mem 0x0000000100000000-0x000000013fffffff] usable
printk: bootconsole [earlyser0] enabled
NX (Execute Disable) protection: active
SMBIOS 2.5 present.
DMI:  , BIOS  06/08/2008
tsc: Fast TSC calibration using PIT
tsc: Detected 1999.917 MHz processor
last_pfn = 0x140000 max_arch_pfn = 0x400000000
Disabled
x86/PAT: MTRRs disabled, skipping PAT initialization too.
CPU MTRRs all blank - virtualized system.
x86/PAT: Configuration [0-7]: WB  WT  UC- UC  WB  WT  UC- UC  
last_pfn = 0xc0000 max_arch_pfn = 0x400000000
found SMP MP-table at [mem 0x000f0050-0x000f005f]
Kernel/User page tables isolation: disabled on command line.
ACPI: Early table checksum verification disabled
ACPI BIOS Error (bug): A valid RSDP was not found (20190816/tbxfroot-210)
Zone ranges:
  DMA      [mem 0x0000000000001000-0x0000000000ffffff]
  DMA32    [mem 0x0000000001000000-0x00000000ffffffff]
  Normal   [mem 0x0000000100000000-0x000000013fffffff]
Movable zone start for each node
Early memory node ranges
  node   0: [mem 0x0000000000001000-0x000000000009efff]
  node   0: [mem 0x0000000000100000-0x00000000bfffffff]
  node   0: [mem 0x0000000100000000-0x000000013fffffff]
Zeroed struct page in unavailable ranges: 98 pages
Initmem setup node 0 [mem 0x0000000000001000-0x000000013fffffff]
Intel MultiProcessor Specification v1.4
MPTABLE: OEM ID: 
MPTABLE: Product ID: 
MPTABLE: APIC at: 0xFEE00000
Processor #0 (Bootup-CPU)
IOAPIC[0]: apic_id 1, version 20, address 0xfec00000, GSI 0-23
Processors: 1
smpboot: Allowing 1 CPUs, 0 hotplug CPUs
[mem 0xc0000000-0xfffeffff] available for PCI devices
Booting paravirtualized kernel on bare hardware
clocksource: refined-jiffies: mask: 0xffffffff max_cycles: 0xffffffff, max_idle_ns: 1910969940391419 ns
setup_percpu: NR_CPUS:8192 nr_cpumask_bits:1 nr_cpu_ids:1 nr_node_ids:1
percpu: Embedded 49 pages/cpu s160856 r8192 d31656 u2097152
Built 1 zonelists, mobility grouping on.  Total pages: 1034121
Kernel command line: earlyprintk=ttyS0 console=ttyS0 lpj=7999923 root=/dev/hda1 noibrs noibpb nopti nospectre_v2 nospectre_v1 l1tf=off nospec_store_bypass_disable no_stf_barrier mds=off mitigations=off 
Dentry cache hash table entries: 524288 (order: 10, 4194304 bytes, linear)
Inode-cache hash table entries: 262144 (order: 9, 2097152 bytes, linear)
mem auto-init: stack:off, heap alloc:off, heap free:off
Memory: 4043664K/4193912K available (8195K kernel code, 1281K rwdata, 2088K rodata, 1192K init, 1888K bss, 150248K reserved, 0K cma-reserved)
rcu: Hierarchical RCU implementation.
rcu: 	RCU restricting CPUs from NR_CPUS=8192 to nr_cpu_ids=1.
rcu: RCU calculated value of scheduler-enlistment delay is 100 jiffies.
rcu: Adjusting geometry for rcu_fanout_leaf=16, nr_cpu_ids=1
NR_IRQS: 524544, nr_irqs: 256, preallocated irqs: 16
random: get_random_bytes called from start_kernel+0x304/0x4e6 with crng_init=0
Console: colour dummy device 80x25
printk: console [ttyS0] enabled
printk: console [ttyS0] enabled
printk: bootconsole [earlyser0] disabled
printk: bootconsole [earlyser0] disabled
APIC: Switch to symmetric I/O mode setup
..TIMER: vector=0x30 apic1=0 pin1=2 apic2=0 pin2=0
clocksource: tsc-early: mask: 0xffffffffffffffff max_cycles: 0x39a7bff902e, max_idle_ns: 881590651046 ns
Calibrating delay loop (skipped) preset value.. 15999.84 BogoMIPS (lpj=7999923)
pid_max: default: 32768 minimum: 301
Mount-cache hash table entries: 8192 (order: 4, 65536 bytes, linear)
Mountpoint-cache hash table entries: 8192 (order: 4, 65536 bytes, linear)
mce: unknown CPU type - not enabling MCE support
Last level iTLB entries: 4KB 0, 2MB 0, 4MB 0
Last level dTLB entries: 4KB 0, 2MB 0, 4MB 0, 1GB 0
Speculative Store Bypass: Vulnerable
Freeing SMP alternatives memory: 12K
smpboot: CPU0: M5 Simulator Fake M5 x86_64 CPU (family: 0xf, model: 0x25, stepping: 0x1)
Performance Events: no PMU driver, software events only.
rcu: Hierarchical SRCU implementation.
smp: Bringing up secondary CPUs ...
smp: Brought up 1 node, 1 CPU
smpboot: Max logical packages: 1
smpboot: Total of 1 processors activated (15999.84 BogoMIPS)
devtmpfs: initialized
clocksource: jiffies: mask: 0xffffffff max_cycles: 0xffffffff, max_idle_ns: 1911260446275000 ns
futex hash table entries: 256 (order: 2, 16384 bytes, linear)
NET: Registered protocol family 16
audit: initializing netlink subsys (disabled)
cpuidle: using governor ladder
PCI: Using configuration type 1 for base access
audit: type=2000 audit(1325376000.215:1): state=initialized audit_enabled=0 res=1
HugeTLB registered 2.00 MiB page size, pre-allocated 0 pages
ACPI: Interpreter disabled.
vgaarb: loaded
SCSI subsystem initialized
usbcore: registered new interface driver usbfs
usbcore: registered new interface driver hub
usbcore: registered new device driver usb
pps_core: LinuxPPS API ver. 1 registered
pps_core: Software ver. 5.3.6 - Copyright 2005-2007 Rodolfo Giometti <giometti@linux.it>
PTP clock support registered
PCI: Probing PCI hardware
PCI host bridge to bus 0000:00
pci_bus 0000:00: root bus resource [io  0x0000-0xffff]
pci_bus 0000:00: root bus resource [mem 0x00000000-0xffffffffffff]
pci_bus 0000:00: No busn resource found for root bus, will use [bus 00-ff]
pci 0000:00:04.0: [8086:7111] type 00 class 0x010180
pci 0000:00:04.0: reg 0x20: [io  0x0000-0x000f]
pci 0000:00:04.0: reg 0x30: [mem 0x00000000-0x000007ff pref]
pci 0000:00:04.0: legacy IDE quirk: reg 0x10: [io  0x01f0-0x01f7]
pci 0000:00:04.0: legacy IDE quirk: reg 0x14: [io  0x03f6]
pci 0000:00:04.0: legacy IDE quirk: reg 0x18: [io  0x0170-0x0177]
pci 0000:00:04.0: legacy IDE quirk: reg 0x1c: [io  0x0376]
pci 0000:00:05.0: [144d:2001] type 00 class 0x010802
pci 0000:00:05.0: reg 0x10: [mem 0x00000000-0x00001fff]
pci 0000:00:05.0: reg 0x20: [mem 0x00000000-0x00001fff]
pci 0000:00:05.0: reg 0x24: [mem 0x00000000-0x00000fff]
pci 0000:00:05.0: reg 0x30: [mem 0x00000000-0x000007ff pref]
pci_bus 0000:00: busn_res: [bus 00-ff] end is updated to 00
clocksource: Switched to clocksource tsc-early
VFS: Disk quotas dquot_6.6.0
VFS: Dquot-cache hash table entries: 512 (order 0, 4096 bytes)
pnp: PnP ACPI: disabled
thermal_sys: Registered thermal governor 'step_wise'
thermal_sys: Registered thermal governor 'user_space'
pci 0000:00:05.0: BAR 0: assigned [mem 0xc0000000-0xc0001fff]
pci 0000:00:05.0: BAR 4: assigned [mem 0xc0002000-0xc0003fff]
pci 0000:00:05.0: BAR 5: assigned [mem 0xc0004000-0xc0004fff]
pci 0000:00:04.0: BAR 6: assigned [mem 0xc0005000-0xc00057ff pref]
pci 0000:00:05.0: BAR 6: assigned [mem 0xc0005800-0xc0005fff pref]
pci 0000:00:04.0: BAR 4: assigned [io  0x1000-0x100f]
pci_bus 0000:00: resource 4 [io  0x0000-0xffff]
pci_bus 0000:00: resource 5 [mem 0x00000000-0xffffffffffff]
NET: Registered protocol family 2
tcp_listen_portaddr_hash hash table entries: 2048 (order: 3, 32768 bytes, linear)
TCP established hash table entries: 32768 (order: 6, 262144 bytes, linear)
TCP bind hash table entries: 32768 (order: 7, 524288 bytes, linear)
TCP: Hash tables configured (established 32768 bind 32768)
UDP hash table entries: 2048 (order: 4, 65536 bytes, linear)
UDP-Lite hash table entries: 2048 (order: 4, 65536 bytes, linear)
NET: Registered protocol family 1
PCI: CLS 0 bytes, default 64
PCI-DMA: Using software bounce buffering for IO (SWIOTLB)
software IO TLB: mapped [mem 0xbc000000-0xc0000000] (64MB)
platform rtc_cmos: registered platform RTC device (no PNP device found)
workingset: timestamp_bits=62 max_order=20 bucket_order=0
fuse: init (API version 7.31)
Block layer SCSI generic (bsg) driver version 0.4 loaded (major 252)
io scheduler mq-deadline registered
io scheduler kyber registered
acpiphp_ibm: ibm_acpiphp_init: acpi_walk_namespace failed
Serial: 8250/16550 driver, 4 ports, IRQ sharing disabled
serial8250: ttyS0 at I/O 0x3f8 (irq = 4, base_baud = 115200) is a 8250
Linux agpgart interface v0.103
brd: module loaded
loop: module loaded
Uniform Multi-Platform E-IDE driver
piix 0000:00:04.0: IDE controller (0x8086:0x7111 rev 0x00)
pci 0000:00:04.0: enabling device (0000 -> 0001)
pci 0000:00:04.0: PCI->APIC IRQ transform: INT A -> IRQ 16
piix 0000:00:04.0: not 100% native mode: will probe irqs later
legacy IDE will be removed in 2021, please switch to libata
Report any missing HW support to linux-ide@vger.kernel.org
    ide0: BM-DMA at 0x1000-0x1007
    ide1: BM-DMA at 0x1008-0x100f
hda: M5 IDE Disk, ATA DISK drive
hda: UDMA/33 mode selected
clocksource: tsc: mask: 0xffffffffffffffff max_cycles: 0x39a7bff902e, max_idle_ns: 881590651046 ns
clocksource: Switched to clocksource tsc
ide0 at 0x1f0-0x1f7,0x3f6 on irq 14
ide1 at 0x170-0x177,0x376 on irq 15
ide_generic: please use "probe_mask=0x3f" module parameter for probing all legacy ISA IDE ports
ide-gd driver 1.18
hda: max request size: 128KiB
hda: 4194304 sectors (2147 MB), CHS=4161/16/63
 hda: hda1
ide-cd driver 5.00
Loading iSCSI transport class v2.0-870.
e1000: Intel(R) PRO/1000 Network Driver - version 7.3.21-k8-NAPI
e1000: Copyright (c) 1999-2006 Intel Corporation.
e1000e: Intel(R) PRO/1000 Network Driver - 3.2.6-k
e1000e: Copyright(c) 1999 - 2015 Intel Corporation.
igb: Intel(R) Gigabit Ethernet Network Driver - version 5.6.0-k
igb: Copyright (c) 2007-2014 Intel Corporation.
igbvf: Intel(R) Gigabit Virtual Function Network Driver - version 2.4.0-k
igbvf: Copyright (c) 2009 - 2012 Intel Corporation.
ixgbe: Intel(R) 10 Gigabit PCI Express Network Driver - version 5.1.0-k
ixgbe: Copyright (c) 1999-2016 Intel Corporation.
ixgbevf: Intel(R) 10 Gigabit PCI Express Virtual Function Network Driver - version 4.1.0-k
ixgbevf: Copyright (c) 2009 - 2018 Intel Corporation.
ixgb: Intel(R) PRO/10GbE Network Driver - version 1.0.135-k2-NAPI
ixgb: Copyright (c) 1999-2008 Intel Corporation.
ehci_hcd: USB 2.0 'Enhanced' Host Controller (EHCI) Driver
ehci-pci: EHCI PCI platform driver
ohci_hcd: USB 1.1 'Open' Host Controller (OHCI) Driver
ohci-pci: OHCI PCI platform driver
uhci_hcd: USB Universal Host Controller Interface driver
i8042: PNP: No PS/2 controller found.
i8042: Probing ports directly.
serio: i8042 KBD port at 0x60,0x64 irq 1
serio: i8042 AUX port at 0x60,0x64 irq 12
mousedev: PS/2 mouse device common for all mice
input: AT Translated Set 2 keyboard as /devices/platform/i8042/serio0/input/input0
usbcore: registered new interface driver usbhid
usbhid: USB HID core driver
NET: Registered protocol family 17
mce: Unable to init MCE device (rc: -5)
IPI shorthand broadcast: enabled
sched_clock: Marking stable (2027399441, 590357)->(2028073080, -83282)
EXT4-fs (hda1): mounted filesystem with ordered data mode. Opts: (null)
VFS: Mounted root (ext4 filesystem) on device 3:1.
devtmpfs: mounted
Freeing unused kernel image memory: 1192K
Write protecting the kernel read-only data: 14336k
Freeing unused kernel image memory: 2028K
Freeing unused kernel image memory: 2008K
rodata_test: all tests were successful
Run /sbin/init as init process
random: fast init done
systemd[1]: System time before build time, advancing clock.
systemd[1]: systemd 237 running in system mode. (+PAM +AUDIT +SELINUX +IMA +APPARMOR +SMACK +SYSVINIT +UTMP +LIBCRYPTSETUP +GCRYPT +GNUTLS +ACL +XZ +LZ4 +SECCOMP +BLKID +ELFUTILS +KMOD -IDN2 +IDN -PCRE2 default-hierarchy=hybrid)
systemd[1]: Detected architecture x86-64.

Welcome to [1mUbuntu 18.04.2 LTS[0m!

systemd[1]: Set hostname to <gem5-host>.
WARN: wait-for regex timed out; sending commands anyway.
if [ -d '/root/SimpleSSD_Gem5_simulation' ] && [ -f '/root/SimpleSSD_Gem5_simulation/scripts/phase1_run.sh' ]; then cd '/root/SimpleSSD_Gem5_simulation'; else for p in /root/SimpleSSD_Gem5_simulation /home/root/SimpleSSD_Gem5_simulation /home/ubuntu/SimpleSSD_Gem5_simulation /mnt/host/SimpleSSD_Gem5_simulation /mnt/9p/SimpleSSD_Gem5_simulation; do if [ -f "$p/scripts/phase1_run.sh" ]; then cd "$p"; break; fi; done; fi
export CORE_IDS="1"
export CORE_MASKS=""
export QPAIRS_LIST="1"
export QUEUE_DEPTHS_LIST="16"
export IO_SIZES_LIST="4096"
export REPEATS=1
export STEADY_TIME=10
export RUN_TAG="phase1_smoke"
export OUTPUT_ROOT="results/phase1_runs"
export PCI_ADDR="0000:02:00.0"
export PCI_CHECK=0
export PERF_ENABLE=1
export SKIP_SETUP=1
export HUGEMEM_MB=2048
./scripts/phase1_run.sh
Guest commands sent.
systemd[1]: File /lib/systemd/system/systemd-journald.service:36 configures an IP firewall (IPAddressDeny=any), but the local system does not support BPF/cgroup based firewalling.
systemd[1]: Proceeding WITHOUT firewalling in effect! (This warning is only shown for the first loaded unit using IP firewalling.)
random: systemd: uninitialized urandom read (16 bytes read)
systemd[1]: Created slice User and Session Slice.
[[0;32m  OK  [0m] Created slice User and Session Slice.
random: systemd: uninitialized urandom read (16 bytes read)
systemd[1]: Started Forward Password Requests to Wall Directory Watch.
[[0;32m  OK  [0m] Started Forward Password Requests to Wall Directory Watch.
random: systemd: uninitialized urandom read (16 bytes read)
systemd[1]: Created slice System Slice.
[[0;32m  OK  [0m] Created slice System Slice.
systemd[1]: Listening on fsck to fsckd communication Socket.
[[0;32m  OK  [0m] Listening on fsck to fsckd communication Socket.
systemd[1]: Listening on Syslog Socket.
[[0;32m  OK  [0m] Listening on Syslog Socket.
[[0;32m  OK  [0m] Listening on /dev/initctl Compatibility Named Pipe.
[[0;32m  OK  [0m] Created slice system-serial\x2dgetty.slice.
[[0;32m  OK  [0m] Listening on Journal Audit Socket.
[[0;32m  OK  [0m] Listening on udev Kernel Socket.
[[0;32m  OK  [0m] Listening on Journal Socket (/dev/log).
[[0;32m  OK  [0m] Listening on Journal Socket.
         Mounting POSIX Message Queue File System...
         Starting Set the console keyboard layout...
         Mounting Kernel Debug File System...
         Mounting Huge Pages File System...
         Starting Load Kernel Modules...
[[0;32m  OK  [0m] Started Read required files in advance.
         Starting Remount Root and Kernel File Systems...
         Starting Create Static Device Nodes in /dev...
[[0;32m  OK  [0m] Reached target User and Group Name Lookups.
[[0;32m  OK  [0m] Listening on udev Control Socket.
         Starting udev Coldplug all Devices...
         Starting Journal Service...
[[0;32m  OK  [0m] Reached target Remote File Systems.
         Starting Uncomplicated firewall...
[[0;32m  OK  [0m] Reached target Slices.
[[0;32m  OK  [0m] Mounted POSIX Message Queue File System.
[[0;32m  OK  [0m] Started Set the console keyboard layout.
[[0;32m  OK  [0m] Mounted Kernel Debug File System.
[[0;32m  OK  [0m] Mounted Huge Pages File System.
[[0;32m  OK  [0m] Started Load Kernel Modules.
[[0;32m  OK  [0m] Started Uncomplicated firewall.
         Mounting FUSE Control File System...
         Starting Apply Kernel Variables...
         Mounting Kernel Configuration File System...
[[0;32m  OK  [0m] Started Create Static Device Nodes in /dev.
[[0;32m  OK  [0m] Mounted FUSE Control File System.
[[0;32m  OK  [0m] Mounted Kernel Configuration File System.
[[0;32m  OK  [0m] Started Apply Kernel Variables.
[[0;32m  OK  [0m] Started Journal Service.
[[0;32m  OK  [0m] Started Remount Root and Kernel File Systems.
         Activating swap /swapfile...
         Starting Flush Journal to Persistent Storage...
[[0;32m  OK  [0m] Reached target Local File Systems (Pre).
         Starting udev Kernel Device Manager...
[[0;32m  OK  [0m] Reached target Local File Systems.
         Starting Set console font and keymap...
         Starting Tell Plymouth To Write Out Runtime Data...
         Starting Load/Save Random Seed...
[[0;32m  OK  [0m] Started Set console font and keymap.
[[0;32m  OK  [0m] Started Tell Plymouth To Write Out Runtime Data.
[[0;32m  OK  [0m] Started Load/Save Random Seed.
[[0;32m  OK  [0m] Started udev Kernel Device Manager.
         Starting Network Service...
[[0;32m  OK  [0m] Activated swap /swapfile.
[[0;32m  OK  [0m] Reached target Swap.
[[0;32m  OK  [0m] Started Flush Journal to Persistent Storage.
         Starting Create Volatile Files and Directories...
[[0;32m  OK  [0m] Started Network Service.
[[0;32m  OK  [0m] Started Create Volatile Files and Directories.
         Starting Network Name Resolution...
         Starting Network Time Synchronization...
         Starting Update UTMP about System Boot/Shutdown...
[[0;32m  OK  [0m] Started udev Coldplug all Devices.
[[0;32m  OK  [0m] Found device /dev/ttyS0.
[[0;32m  OK  [0m] Started Update UTMP about System Boot/Shutdown.
[[0;32m  OK  [0m] Started Network Name Resolution.
[[0;32m  OK  [0m] Reached target Network.
[[0;32m  OK  [0m] Reached target Host and Network Name Lookups.
[[0;32m  OK  [0m] Started Dispatch Password Requests to Console Directory Watch.
[[0;32m  OK  [0m] Reached target Local Encrypted Volumes.
[[0;32m  OK  [0m] Reached target Paths.
[[0;32m  OK  [0m] Started Network Time Synchronization.
[[0;32m  OK  [0m] Reached target System Time Synchronized.
[[0;32m  OK  [0m] Reached target System Initialization.
[[0;32m  OK  [0m] Started Discard unused blocks once a week.
[[0;32m  OK  [0m] Listening on D-Bus System Message Bus Socket.
[[0;32m  OK  [0m] Started Daily apt download activities.
[[0;32m  OK  [0m] Started Daily apt upgrade and clean activities.
[[0;32m  OK  [0m] Started Message of the Day.
[[0;32m  OK  [0m] Started Daily Cleanup of Temporary Directories.
[[0;32m  OK  [0m] Reached target Timers.
[[0;32m  OK  [0m] Listening on UUID daemon activation socket.
[[0;32m  OK  [0m] Reached target Sockets.
[[0;32m  OK  [0m] Reached target Basic System.
[[0;32m  OK  [0m] Started Regular background program processing daemon.
[[0;32m  OK  [0m] Started irqbalance daemon.
         Starting Login Service...
         Starting System Logging Service...
[[0;32m  OK  [0m] Started D-Bus System Message Bus.
[[0;32m  OK  [0m] Started Login Service.
         Starting OpenBSD Secure Shell server...
         Starting Permit User Sessions...
         Starting Dispatcher daemon for systemd-networkd...
         Starting Accounts Service...
[[0;32m  OK  [0m] Started Set the CPU Frequency Scaling governor.
         Starting LSB: Record successful boot for GRUB...
[[0;32m  OK  [0m] Started System Logging Service.
[[0;32m  OK  [0m] Started Permit User Sessions.
         Starting Terminate Plymouth Boot Screen...
         Starting Hold until boot process finishes up...
[[0;32m  OK  [0m] Started Terminate Plymouth Boot Screen.
[[0;32m  OK  [0m] Started Hold until boot process finishes up.
[[0;32m  OK  [0m] Started Serial Getty on ttyS0.
         Starting Set console scheme...
[[0;1;31mFAILED[0m] Failed to start Accounts Service.
See 'systemctl status accounts-daemon.service' for details.
[[0;32m  OK  [0m] Started Set console scheme.
[[0;32m  OK  [0m] Created slice system-getty.slice.
[[0;32m  OK  [0m] Started Getty on tty1.
[[0;32m  OK  [0m] Reached target Login Prompts.
[[0;32m  OK  [0m] Started LSB: Record successful boot for GRUB.
[[0;32m  OK  [0m] Started OpenBSD Secure Shell server.
[[0;1;31mFAILED[0m] Failed to start Dispatcher daemon for systemd-networkd.
See 'systemctl status networkd-dispatcher.service' for details.
[[0;32m  OK  [0m] Reached target Multi-User System.
[[0;32m  OK  [0m] Reached target Graphical Interface.
[[0;32m  OK  [0m] Started Stop ureadahead data collection 45s after completed startup.
         Starting Update UTMP about System Runlevel Changes...
[[0;32m  OK  [0m] Started Update UTMP about System Runlevel Changes.

Ubuntu 18.04.2 LTS gem5-host ttyS0

gem5-host login: root (automatic login)

Welcome to Ubuntu 18.04.2 LTS (GNU/Linux 5.4.49 x86_64)

 * Documentation:  https://help.ubuntu.com
 * Management:     https://landscape.canonical.com
 * Support:        https://ubuntu.com/advantage


The programs included with the Ubuntu system are free software;
the exact distribution terms for each program are described in the
individual files in /usr/share/doc/*/copyright.

Ubuntu comes with ABSOLUTELY NO WARRANTY, to the extent permitted by
applicable law.

Starting gem5 init... reading run script file.
Running m5 script from /tmp/script
Done running script, exiting.
========================================================
driver_phase1.sh auto run
timestamp: 2026-02-21T22:13:03+00:00
run_tag: phase1_smoke
cores: 1
core_masks: 
qpairs: 1
qd_list: 16
io_sizes: 4096
repeats: 1
steady_time: 10
pci_addr: 0000:02:00.0
pci_check: 0
perf_enable: 1
skip_setup: 1
hugemem_mb: 2048
session_name: phase1_auto
console: localhost:3456
guest_wait: 20
guest_cwd: <unset>
wait_for_regex: login:|# 
wait_timeout: 600
use_readfile: 1
guest_repo: /root/SimpleSSD_Gem5_simulation
guest_repo_candidates: /root/SimpleSSD_Gem5_simulation /home/root/SimpleSSD_Gem5_simulation /home/ubuntu/SimpleSSD_Gem5_simulation /mnt/host/SimpleSSD_Gem5_simulation /mnt/9p/SimpleSSD_Gem5_simulation
metadata_file: /home/fangy6/SimpleSSD_Gem5_simulation/results/phase1_runs/phase1_smoke/metadata.json
log_file: /home/fangy6/SimpleSSD_Gem5_simulation/logs/driver_phase1_phase1_smoke.log
========================================================
Auto mode: tmux session 'phase1_auto' created.
Tailing combined log in this terminal.
Using gem5 readfile script; console injection disabled.
Warning: gem5 does not appear to be running.
Start it with: /home/fangy6/SimpleSSD_Gem5_simulation/scripts/boot_gem5.sh start
Last log: /home/fangy6/SimpleSSD_Gem5_simulation/logs/gem5.out
console exited, retrying in 2s
gem5 started (pid 3321742)
log: /home/fangy6/SimpleSSD_Gem5_simulation/logs/gem5.out
boot_gem5.sh exited
[?2004h(base) fangy6@tzhang1:~/SimpleSSD_Gem5_simulation$ ==== m5 slave terminal: Terminal 0 ====
Linux version 5.4.49 (aakahlow@amarillo) (gcc version 7.5.0 (Ubuntu 7.5.0-3ubuntu1~18.04)) #8 SMP Mon Jun 29 14:40:17 PDT 2020
Command line: earlyprintk=ttyS0 console=ttyS0 lpj=7999923 root=/dev/hda1 noibrs noibpb nopti nospectre_v2 nospectre_v1 l1tf=off nospec_store_bypass_disable no_stf_barrier mds=off mitigations=off 
CPU: vendor_id 'M5 Simulator' unknown, using generic init.
CPU: Your system may be unstable.
x86/fpu: x87 FPU will use FXSAVE
BIOS-provided physical RAM map:
BIOS-e820: [mem 0x0000000000000000-0x000000000009fbff] usable
BIOS-e820: [mem 0x000000000009fc00-0x00000000000fffff] reserved
BIOS-e820: [mem 0x0000000000100000-0x00000000bfffffff] usable
BIOS-e820: [mem 0x00000000ffff0000-0x00000000ffffffff] reserved
BIOS-e820: [mem 0x0000000100000000-0x000000013fffffff] usable
printk: bootconsole [earlyser0] enabled
NX (Execute Disable) protection: active
SMBIOS 2.5 present.
DMI:  , BIOS  06/08/2008
tsc: Fast TSC calibration using PIT
tsc: Detected 1999.917 MHz processor
last_pfn = 0x140000 max_arch_pfn = 0x400000000
Disabled
x86/PAT: MTRRs disabled, skipping PAT initialization too.
CPU MTRRs all blank - virtualized system.
x86/PAT: Configuration [0-7]: WB  WT  UC- UC  WB  WT  UC- UC  
last_pfn = 0xc0000 max_arch_pfn = 0x400000000
found SMP MP-table at [mem 0x000f0050-0x000f005f]
Kernel/User page tables isolation: disabled on command line.
ACPI: Early table checksum verification disabled
ACPI BIOS Error (bug): A valid RSDP was not found (20190816/tbxfroot-210)
Zone ranges:
  DMA      [mem 0x0000000000001000-0x0000000000ffffff]
  DMA32    [mem 0x0000000001000000-0x00000000ffffffff]
  Normal   [mem 0x0000000100000000-0x000000013fffffff]
Movable zone start for each node
Early memory node ranges
  node   0: [mem 0x0000000000001000-0x000000000009efff]
  node   0: [mem 0x0000000000100000-0x00000000bfffffff]
  node   0: [mem 0x0000000100000000-0x000000013fffffff]
Zeroed struct page in unavailable ranges: 98 pages
Initmem setup node 0 [mem 0x0000000000001000-0x000000013fffffff]
Intel MultiProcessor Specification v1.4
MPTABLE: OEM ID: 
MPTABLE: Product ID: 
MPTABLE: APIC at: 0xFEE00000
Processor #0 (Bootup-CPU)
IOAPIC[0]: apic_id 1, version 20, address 0xfec00000, GSI 0-23
Processors: 1
smpboot: Allowing 1 CPUs, 0 hotplug CPUs
[mem 0xc0000000-0xfffeffff] available for PCI devices
Booting paravirtualized kernel on bare hardware
clocksource: refined-jiffies: mask: 0xffffffff max_cycles: 0xffffffff, max_idle_ns: 1910969940391419 ns
setup_percpu: NR_CPUS:8192 nr_cpumask_bits:1 nr_cpu_ids:1 nr_node_ids:1
percpu: Embedded 49 pages/cpu s160856 r8192 d31656 u2097152
Built 1 zonelists, mobility grouping on.  Total pages: 1034121
Kernel command line: earlyprintk=ttyS0 console=ttyS0 lpj=7999923 root=/dev/hda1 noibrs noibpb nopti nospectre_v2 nospectre_v1 l1tf=off nospec_store_bypass_disable no_stf_barrier mds=off mitigations=off 
Dentry cache hash table entries: 524288 (order: 10, 4194304 bytes, linear)
Inode-cache hash table entries: 262144 (order: 9, 2097152 bytes, linear)
mem auto-init: stack:off, heap alloc:off, heap free:off
Memory: 4043664K/4193912K available (8195K kernel code, 1281K rwdata, 2088K rodata, 1192K init, 1888K bss, 150248K reserved, 0K cma-reserved)
rcu: Hierarchical RCU implementation.
rcu: 	RCU restricting CPUs from NR_CPUS=8192 to nr_cpu_ids=1.
rcu: RCU calculated value of scheduler-enlistment delay is 100 jiffies.
rcu: Adjusting geometry for rcu_fanout_leaf=16, nr_cpu_ids=1
NR_IRQS: 524544, nr_irqs: 256, preallocated irqs: 16
random: get_random_bytes called from start_kernel+0x304/0x4e6 with crng_init=0
Console: colour dummy device 80x25
printk: console [ttyS0] enabled
printk: console [ttyS0] enabled
printk: bootconsole [earlyser0] disabled
printk: bootconsole [earlyser0] disabled
APIC: Switch to symmetric I/O mode setup
..TIMER: vector=0x30 apic1=0 pin1=2 apic2=0 pin2=0
clocksource: tsc-early: mask: 0xffffffffffffffff max_cycles: 0x39a7bff902e, max_idle_ns: 881590651046 ns
Calibrating delay loop (skipped) preset value.. 15999.84 BogoMIPS (lpj=7999923)
pid_max: default: 32768 minimum: 301
Mount-cache hash table entries: 8192 (order: 4, 65536 bytes, linear)
Mountpoint-cache hash table entries: 8192 (order: 4, 65536 bytes, linear)
mce: unknown CPU type - not enabling MCE support
Last level iTLB entries: 4KB 0, 2MB 0, 4MB 0
Last level dTLB entries: 4KB 0, 2MB 0, 4MB 0, 1GB 0
Speculative Store Bypass: Vulnerable
Freeing SMP alternatives memory: 12K
smpboot: CPU0: M5 Simulator Fake M5 x86_64 CPU (family: 0xf, model: 0x25, stepping: 0x1)
Performance Events: no PMU driver, software events only.
rcu: Hierarchical SRCU implementation.
smp: Bringing up secondary CPUs ...
smp: Brought up 1 node, 1 CPU
smpboot: Max logical packages: 1
smpboot: Total of 1 processors activated (15999.84 BogoMIPS)
devtmpfs: initialized
clocksource: jiffies: mask: 0xffffffff max_cycles: 0xffffffff, max_idle_ns: 1911260446275000 ns
futex hash table entries: 256 (order: 2, 16384 bytes, linear)
NET: Registered protocol family 16
audit: initializing netlink subsys (disabled)
cpuidle: using governor ladder
PCI: Using configuration type 1 for base access
audit: type=2000 audit(1325376000.215:1): state=initialized audit_enabled=0 res=1
HugeTLB registered 2.00 MiB page size, pre-allocated 0 pages
ACPI: Interpreter disabled.
vgaarb: loaded
SCSI subsystem initialized
usbcore: registered new interface driver usbfs
usbcore: registered new interface driver hub
usbcore: registered new device driver usb
pps_core: LinuxPPS API ver. 1 registered
pps_core: Software ver. 5.3.6 - Copyright 2005-2007 Rodolfo Giometti <giometti@linux.it>
PTP clock support registered
PCI: Probing PCI hardware
PCI host bridge to bus 0000:00
pci_bus 0000:00: root bus resource [io  0x0000-0xffff]
pci_bus 0000:00: root bus resource [mem 0x00000000-0xffffffffffff]
pci_bus 0000:00: No busn resource found for root bus, will use [bus 00-ff]
pci 0000:00:04.0: [8086:7111] type 00 class 0x010180
pci 0000:00:04.0: reg 0x20: [io  0x0000-0x000f]
pci 0000:00:04.0: reg 0x30: [mem 0x00000000-0x000007ff pref]
pci 0000:00:04.0: legacy IDE quirk: reg 0x10: [io  0x01f0-0x01f7]
pci 0000:00:04.0: legacy IDE quirk: reg 0x14: [io  0x03f6]
pci 0000:00:04.0: legacy IDE quirk: reg 0x18: [io  0x0170-0x0177]
pci 0000:00:04.0: legacy IDE quirk: reg 0x1c: [io  0x0376]
pci 0000:00:05.0: [144d:2001] type 00 class 0x010802
pci 0000:00:05.0: reg 0x10: [mem 0x00000000-0x00001fff]
pci 0000:00:05.0: reg 0x20: [mem 0x00000000-0x00001fff]
pci 0000:00:05.0: reg 0x24: [mem 0x00000000-0x00000fff]
pci 0000:00:05.0: reg 0x30: [mem 0x00000000-0x000007ff pref]
pci_bus 0000:00: busn_res: [bus 00-ff] end is updated to 00
clocksource: Switched to clocksource tsc-early
VFS: Disk quotas dquot_6.6.0
VFS: Dquot-cache hash table entries: 512 (order 0, 4096 bytes)
pnp: PnP ACPI: disabled
thermal_sys: Registered thermal governor 'step_wise'
thermal_sys: Registered thermal governor 'user_space'
pci 0000:00:05.0: BAR 0: assigned [mem 0xc0000000-0xc0001fff]
pci 0000:00:05.0: BAR 4: assigned [mem 0xc0002000-0xc0003fff]
pci 0000:00:05.0: BAR 5: assigned [mem 0xc0004000-0xc0004fff]
pci 0000:00:04.0: BAR 6: assigned [mem 0xc0005000-0xc00057ff pref]
pci 0000:00:05.0: BAR 6: assigned [mem 0xc0005800-0xc0005fff pref]
pci 0000:00:04.0: BAR 4: assigned [io  0x1000-0x100f]
pci_bus 0000:00: resource 4 [io  0x0000-0xffff]
pci_bus 0000:00: resource 5 [mem 0x00000000-0xffffffffffff]
NET: Registered protocol family 2
tcp_listen_portaddr_hash hash table entries: 2048 (order: 3, 32768 bytes, linear)
TCP established hash table entries: 32768 (order: 6, 262144 bytes, linear)
TCP bind hash table entries: 32768 (order: 7, 524288 bytes, linear)
TCP: Hash tables configured (established 32768 bind 32768)
UDP hash table entries: 2048 (order: 4, 65536 bytes, linear)
UDP-Lite hash table entries: 2048 (order: 4, 65536 bytes, linear)
NET: Registered protocol family 1
PCI: CLS 0 bytes, default 64
PCI-DMA: Using software bounce buffering for IO (SWIOTLB)
software IO TLB: mapped [mem 0xbc000000-0xc0000000] (64MB)
platform rtc_cmos: registered platform RTC device (no PNP device found)
workingset: timestamp_bits=62 max_order=20 bucket_order=0
fuse: init (API version 7.31)
Block layer SCSI generic (bsg) driver version 0.4 loaded (major 252)
io scheduler mq-deadline registered
io scheduler kyber registered
acpiphp_ibm: ibm_acpiphp_init: acpi_walk_namespace failed
Serial: 8250/16550 driver, 4 ports, IRQ sharing disabled
serial8250: ttyS0 at I/O 0x3f8 (irq = 4, base_baud = 115200) is a 8250
Linux agpgart interface v0.103
brd: module loaded
loop: module loaded
Uniform Multi-Platform E-IDE driver
piix 0000:00:04.0: IDE controller (0x8086:0x7111 rev 0x00)
pci 0000:00:04.0: enabling device (0000 -> 0001)
pci 0000:00:04.0: PCI->APIC IRQ transform: INT A -> IRQ 16
piix 0000:00:04.0: not 100% native mode: will probe irqs later
legacy IDE will be removed in 2021, please switch to libata
Report any missing HW support to linux-ide@vger.kernel.org
    ide0: BM-DMA at 0x1000-0x1007
    ide1: BM-DMA at 0x1008-0x100f
hda: M5 IDE Disk, ATA DISK drive
hda: UDMA/33 mode selected
clocksource: tsc: mask: 0xffffffffffffffff max_cycles: 0x39a7bff902e, max_idle_ns: 881590651046 ns
clocksource: Switched to clocksource tsc
ide0 at 0x1f0-0x1f7,0x3f6 on irq 14
ide1 at 0x170-0x177,0x376 on irq 15
ide_generic: please use "probe_mask=0x3f" module parameter for probing all legacy ISA IDE ports
ide-gd driver 1.18
hda: max request size: 128KiB
hda: 4194304 sectors (2147 MB), CHS=4161/16/63
 hda: hda1
ide-cd driver 5.00
Loading iSCSI transport class v2.0-870.
e1000: Intel(R) PRO/1000 Network Driver - version 7.3.21-k8-NAPI
e1000: Copyright (c) 1999-2006 Intel Corporation.
e1000e: Intel(R) PRO/1000 Network Driver - 3.2.6-k
e1000e: Copyright(c) 1999 - 2015 Intel Corporation.
igb: Intel(R) Gigabit Ethernet Network Driver - version 5.6.0-k
igb: Copyright (c) 2007-2014 Intel Corporation.
igbvf: Intel(R) Gigabit Virtual Function Network Driver - version 2.4.0-k
igbvf: Copyright (c) 2009 - 2012 Intel Corporation.
ixgbe: Intel(R) 10 Gigabit PCI Express Network Driver - version 5.1.0-k
ixgbe: Copyright (c) 1999-2016 Intel Corporation.
ixgbevf: Intel(R) 10 Gigabit PCI Express Virtual Function Network Driver - version 4.1.0-k
ixgbevf: Copyright (c) 2009 - 2018 Intel Corporation.
ixgb: Intel(R) PRO/10GbE Network Driver - version 1.0.135-k2-NAPI
ixgb: Copyright (c) 1999-2008 Intel Corporation.
ehci_hcd: USB 2.0 'Enhanced' Host Controller (EHCI) Driver
ehci-pci: EHCI PCI platform driver
ohci_hcd: USB 1.1 'Open' Host Controller (OHCI) Driver
ohci-pci: OHCI PCI platform driver
uhci_hcd: USB Universal Host Controller Interface driver
i8042: PNP: No PS/2 controller found.
i8042: Probing ports directly.
serio: i8042 KBD port at 0x60,0x64 irq 1
serio: i8042 AUX port at 0x60,0x64 irq 12
mousedev: PS/2 mouse device common for all mice
input: AT Translated Set 2 keyboard as /devices/platform/i8042/serio0/input/input0
usbcore: registered new interface driver usbhid
usbhid: USB HID core driver
NET: Registered protocol family 17
mce: Unable to init MCE device (rc: -5)
IPI shorthand broadcast: enabled
sched_clock: Marking stable (2027399441, 590357)->(2028073080, -83282)
EXT4-fs (hda1): mounted filesystem with ordered data mode. Opts: (null)
VFS: Mounted root (ext4 filesystem) on device 3:1.
devtmpfs: mounted
Freeing unused kernel image memory: 1192K
Write protecting the kernel read-only data: 14336k
Freeing unused kernel image memory: 2028K
Freeing unused kernel image memory: 2008K
rodata_test: all tests were successful
Run /sbin/init as init process
random: fast init done
systemd[1]: System time before build time, advancing clock.
systemd[1]: systemd 237 running in system mode. (+PAM +AUDIT +SELINUX +IMA +APPARMOR +SMACK +SYSVINIT +UTMP +LIBCRYPTSETUP +GCRYPT +GNUTLS +ACL +XZ +LZ4 +SECCOMP +BLKID +ELFUTILS +KMOD -IDN2 +IDN -PCRE2 default-hierarchy=hybrid)
systemd[1]: Detected architecture x86-64.

Welcome to [1mUbuntu 18.04.2 LTS[0m!

systemd[1]: Set hostname to <gem5-host>.
systemd[1]: File /lib/systemd/system/systemd-journald.service:36 configures an IP firewall (IPAddressDeny=any), but the local system does not support BPF/cgroup based firewalling.
systemd[1]: Proceeding WITHOUT firewalling in effect! (This warning is only shown for the first loaded unit using IP firewalling.)
random: systemd: uninitialized urandom read (16 bytes read)
systemd[1]: Created slice User and Session Slice.
[[0;32m  OK  [0m] Created slice User and Session Slice.
random: systemd: uninitialized urandom read (16 bytes read)
systemd[1]: Started Forward Password Requests to Wall Directory Watch.
[[0;32m  OK  [0m] Started Forward Password Requests to Wall Directory Watch.
random: systemd: uninitialized urandom read (16 bytes read)
systemd[1]: Created slice System Slice.
[[0;32m  OK  [0m] Created slice System Slice.
systemd[1]: Listening on fsck to fsckd communication Socket.
[[0;32m  OK  [0m] Listening on fsck to fsckd communication Socket.
systemd[1]: Listening on Syslog Socket.
[[0;32m  OK  [0m] Listening on Syslog Socket.
[[0;32m  OK  [0m] Listening on /dev/initctl Compatibility Named Pipe.
[[0;32m  OK  [0m] Created slice system-serial\x2dgetty.slice.
[[0;32m  OK  [0m] Listening on Journal Audit Socket.
[[0;32m  OK  [0m] Listening on udev Kernel Socket.
[[0;32m  OK  [0m] Listening on Journal Socket (/dev/log).
[[0;32m  OK  [0m] Listening on Journal Socket.
         Mounting POSIX Message Queue File System...
         Starting Set the console keyboard layout...
         Mounting Kernel Debug File System...
         Mounting Huge Pages File System...
         Starting Load Kernel Modules...
[[0;32m  OK  [0m] Started Read required files in advance.
         Starting Remount Root and Kernel File Systems...
         Starting Create Static Device Nodes in /dev...
[[0;32m  OK  [0m] Reached target User and Group Name Lookups.
[[0;32m  OK  [0m] Listening on udev Control Socket.
         Starting udev Coldplug all Devices...
         Starting Journal Service...
[[0;32m  OK  [0m] Reached target Remote File Systems.
         Starting Uncomplicated firewall...
[[0;32m  OK  [0m] Reached target Slices.
[[0;32m  OK  [0m] Mounted POSIX Message Queue File System.
[[0;32m  OK  [0m] Started Set the console keyboard layout.
[[0;32m  OK  [0m] Mounted Kernel Debug File System.
[[0;32m  OK  [0m] Mounted Huge Pages File System.
[[0;32m  OK  [0m] Started Load Kernel Modules.
[[0;32m  OK  [0m] Started Uncomplicated firewall.
[[0;32m  OK  [0m] Started Create Static Device Nodes in /dev.
         Mounting FUSE Control File System...
         Starting Apply Kernel Variables...
         Mounting Kernel Configuration File System...
[[0;32m  OK  [0m] Mounted FUSE Control File System.
[[0;32m  OK  [0m] Mounted Kernel Configuration File System.
[[0;32m  OK  [0m] Started Apply Kernel Variables.
[[0;32m  OK  [0m] Started Journal Service.
[[0;32m  OK  [0m] Started Remount Root and Kernel File Systems.
         Activating swap /swapfile...
         Starting Flush Journal to Persistent Storage...
[[0;32m  OK  [0m] Reached target Local File Systems (Pre).
         Starting udev Kernel Device Manager...
[[0;32m  OK  [0m] Reached target Local File Systems.
         Starting Set console font and keymap...
         Starting Tell Plymouth To Write Out Runtime Data...
         Starting Load/Save Random Seed...
[[0;32m  OK  [0m] Started Tell Plymouth To Write Out Runtime Data.
[[0;32m  OK  [0m] Started Set console font and keymap.
[[0;32m  OK  [0m] Started Load/Save Random Seed.
[[0;32m  OK  [0m] Started udev Kernel Device Manager.
         Starting Network Service...
[[0;32m  OK  [0m] Activated swap /swapfile.
[[0;32m  OK  [0m] Reached target Swap.
[[0;32m  OK  [0m] Started Flush Journal to Persistent Storage.
         Starting Create Volatile Files and Directories...
[[0;32m  OK  [0m] Started Network Service.
[[0;32m  OK  [0m] Started Create Volatile Files and Directories.
         Starting Network Name Resolution...
         Starting Network Time Synchronization...
         Starting Update UTMP about System Boot/Shutdown...
[[0;32m  OK  [0m] Found device /dev/ttyS0.
[[0;32m  OK  [0m] Started udev Coldplug all Devices.
[[0;32m  OK  [0m] Started Update UTMP about System Boot/Shutdown.
[[0;32m  OK  [0m] Started Network Name Resolution.
[[0;32m  OK  [0m] Reached target Network.
[[0;32m  OK  [0m] Reached target Host and Network Name Lookups.
[[0;32m  OK  [0m] Started Dispatch Password Requests to Console Directory Watch.
[[0;32m  OK  [0m] Reached target Local Encrypted Volumes.
[[0;32m  OK  [0m] Reached target Paths.
[[0;32m  OK  [0m] Started Network Time Synchronization.
[[0;32m  OK  [0m] Reached target System Time Synchronized.
[[0;32m  OK  [0m] Reached target System Initialization.
[[0;32m  OK  [0m] Started Discard unused blocks once a week.
[[0;32m  OK  [0m] Listening on D-Bus System Message Bus Socket.
[[0;32m  OK  [0m] Started Daily apt download activities.
[[0;32m  OK  [0m] Started Daily apt upgrade and clean activities.
[[0;32m  OK  [0m] Started Message of the Day.
[[0;32m  OK  [0m] Started Daily Cleanup of Temporary Directories.
[[0;32m  OK  [0m] Reached target Timers.
[[0;32m  OK  [0m] Listening on UUID daemon activation socket.
[[0;32m  OK  [0m] Reached target Sockets.
[[0;32m  OK  [0m] Reached target Basic System.
[[0;32m  OK  [0m] Started Regular background program processing daemon.
[[0;32m  OK  [0m] Started irqbalance daemon.
         Starting Login Service...
         Starting System Logging Service...
[[0;32m  OK  [0m] Started D-Bus System Message Bus.
[[0;32m  OK  [0m] Started Login Service.
         Starting OpenBSD Secure Shell server...
         Starting Permit User Sessions...
         Starting Dispatcher daemon for systemd-networkd...
         Starting Accounts Service...
[[0;32m  OK  [0m] Started Set the CPU Frequency Scaling governor.
         Starting LSB: Record successful boot for GRUB...
[[0;32m  OK  [0m] Started System Logging Service.
[[0;32m  OK  [0m] Started Permit User Sessions.
         Starting Terminate Plymouth Boot Screen...
         Starting Hold until boot process finishes up...
[[0;32m  OK  [0m] Started Hold until boot process finishes up.
[[0;32m  OK  [0m] Started Serial Getty on ttyS0.
         Starting Set console scheme...
[[0;1;31mFAILED[0m] Failed to start Accounts Service.
See 'systemctl status accounts-daemon.service' for details.
[[0;32m  OK  [0m] Started Terminate Plymouth Boot Screen.
[[0;32m  OK  [0m] Started Set console scheme.
[[0;32m  OK  [0m] Created slice system-getty.slice.
[[0;32m  OK  [0m] Started Getty on tty1.
[[0;32m  OK  [0m] Reached target Login Prompts.
[[0;32m  OK  [0m] Started LSB: Record successful boot for GRUB.
[[0;32m  OK  [0m] Started OpenBSD Secure Shell server.
[[0;1;31mFAILED[0m] Failed to start Dispatcher daemon for systemd-networkd.
See 'systemctl status networkd-dispatcher.service' for details.
[[0;32m  OK  [0m] Reached target Multi-User System.
[[0;32m  OK  [0m] Reached target Graphical Interface.
[[0;32m  OK  [0m] Started Stop ureadahead data collection 45s after completed startup.
         Starting Update UTMP about System Runlevel Changes...
[[0;32m  OK  [0m] Started Update UTMP about System Runlevel Changes.

Ubuntu 18.04.2 LTS gem5-host ttyS0

gem5-host login: root (automatic login)

Welcome to Ubuntu 18.04.2 LTS (GNU/Linux 5.4.49 x86_64)

 * Documentation:  https://help.ubuntu.com
 * Management:     https://landscape.canonical.com
 * Support:        https://ubuntu.com/advantage


The programs included with the Ubuntu system are free software;
the exact distribution terms for each program are described in the
individual files in /usr/share/doc/*/copyright.

Ubuntu comes with ABSOLUTELY NO WARRANTY, to the extent permitted by
applicable law.

Starting gem5 init... reading run script file.
Running m5 script from /tmp/script
PHASE1_RUNSCRIPT_START
PHASE1_RUNSCRIPT_ERROR: repo not found
Checked: /root/SimpleSSD_Gem5_simulation /root/SimpleSSD_Gem5_simulation /home/root/SimpleSSD_Gem5_simulation /home/ubuntu/SimpleSSD_Gem5_simulation /mnt/host/SimpleSSD_Gem5_simulation /mnt/9p/SimpleSSD_Gem5_simulation
PHASE1_RUNSCRIPT_LOG_BEGIN
PHASE1_RUNSCRIPT_START
PHASE1_RUNSCRIPT_ERROR: repo not found
Checked: /root/SimpleSSD_Gem5_simulation /root/SimpleSSD_Gem5_simulation /home/root/SimpleSSD_Gem5_simulation /home/ubuntu/SimpleSSD_Gem5_simulation /mnt/host/SimpleSSD_Gem5_simulation /mnt/9p/SimpleSSD_Gem5_simulation
PHASE1_RUNSCRIPT_LOG_END
========================================================
driver_phase1.sh auto run
timestamp: 2026-02-22T00:36:45+00:00
run_tag: phase1_smoke
cores: 1
core_masks: 
qpairs: 1
qd_list: 16
io_sizes: 4096
repeats: 1
steady_time: 10
pci_addr: 0000:02:00.0
pci_check: 0
perf_enable: 1
skip_setup: 1
hugemem_mb: 2048
session_name: phase1_auto
console: localhost:3456
guest_wait: 20
guest_cwd: <unset>
wait_for_regex: login:|# 
wait_timeout: 600
use_readfile: 1
guest_repo: /root/SimpleSSD_Gem5_simulation
guest_repo_candidates: /root/SimpleSSD_Gem5_simulation /home/root/SimpleSSD_Gem5_simulation /home/ubuntu/SimpleSSD_Gem5_simulation /mnt/host/SimpleSSD_Gem5_simulation /mnt/9p/SimpleSSD_Gem5_simulation
metadata_file: /home/fangy6/SimpleSSD_Gem5_simulation/results/phase1_runs/phase1_smoke/metadata.json
log_file: /home/fangy6/SimpleSSD_Gem5_simulation/logs/driver_phase1_phase1_smoke.log
========================================================
Auto mode: tmux session 'phase1_auto' created.
Tailing combined log in this terminal.
Using gem5 readfile script; console injection disabled.
Warning: gem5 does not appear to be running.
Start it with: /home/fangy6/SimpleSSD_Gem5_simulation/scripts/boot_gem5.sh start
Last log: /home/fangy6/SimpleSSD_Gem5_simulation/logs/gem5.out
console exited, retrying in 2s
gem5 started (pid 3326697)
log: /home/fangy6/SimpleSSD_Gem5_simulation/logs/gem5.out
boot_gem5.sh exited
==== m5 slave terminal: Terminal 0 ====
Linux version 5.4.49 (aakahlow@amarillo) (gcc version 7.5.0 (Ubuntu 7.5.0-3ubuntu1~18.04)) #8 SMP Mon Jun 29 14:40:17 PDT 2020
Command line: earlyprintk=ttyS0 console=ttyS0 lpj=7999923 root=/dev/hda1 noibrs noibpb nopti nospectre_v2 nospectre_v1 l1tf=off nospec_store_bypass_disable no_stf_barrier mds=off mitigations=off 
CPU: vendor_id 'M5 Simulator' unknown, using generic init.
CPU: Your system may be unstable.
x86/fpu: x87 FPU will use FXSAVE
BIOS-provided physical RAM map:
BIOS-e820: [mem 0x0000000000000000-0x000000000009fbff] usable
BIOS-e820: [mem 0x000000000009fc00-0x00000000000fffff] reserved
BIOS-e820: [mem 0x0000000000100000-0x00000000bfffffff] usable
BIOS-e820: [mem 0x00000000ffff0000-0x00000000ffffffff] reserved
BIOS-e820: [mem 0x0000000100000000-0x000000013fffffff] usable
printk: bootconsole [earlyser0] enabled
NX (Execute Disable) protection: active
SMBIOS 2.5 present.
DMI:  , BIOS  06/08/2008
tsc: Fast TSC calibration using PIT
tsc: Detected 1999.917 MHz processor
last_pfn = 0x140000 max_arch_pfn = 0x400000000
Disabled
x86/PAT: MTRRs disabled, skipping PAT initialization too.
CPU MTRRs all blank - virtualized system.
x86/PAT: Configuration [0-7]: WB  WT  UC- UC  WB  WT  UC- UC  
last_pfn = 0xc0000 max_arch_pfn = 0x400000000
found SMP MP-table at [mem 0x000f0050-0x000f005f]
Kernel/User page tables isolation: disabled on command line.
ACPI: Early table checksum verification disabled
ACPI BIOS Error (bug): A valid RSDP was not found (20190816/tbxfroot-210)
Zone ranges:
  DMA      [mem 0x0000000000001000-0x0000000000ffffff]
  DMA32    [mem 0x0000000001000000-0x00000000ffffffff]
  Normal   [mem 0x0000000100000000-0x000000013fffffff]
Movable zone start for each node
Early memory node ranges
  node   0: [mem 0x0000000000001000-0x000000000009efff]
  node   0: [mem 0x0000000000100000-0x00000000bfffffff]
  node   0: [mem 0x0000000100000000-0x000000013fffffff]
Zeroed struct page in unavailable ranges: 98 pages
Initmem setup node 0 [mem 0x0000000000001000-0x000000013fffffff]
[?2004h(base) fangy6@tzhang1:~/SimpleSSD_Gem5_simulation$ Intel MultiProcessor Specification v1.4
MPTABLE: OEM ID: 
MPTABLE: Product ID: 
MPTABLE: APIC at: 0xFEE00000
Processor #0 (Bootup-CPU)
IOAPIC[0]: apic_id 1, version 20, address 0xfec00000, GSI 0-23
Processors: 1
smpboot: Allowing 1 CPUs, 0 hotplug CPUs
[mem 0xc0000000-0xfffeffff] available for PCI devices
Booting paravirtualized kernel on bare hardware
clocksource: refined-jiffies: mask: 0xffffffff max_cycles: 0xffffffff, max_idle_ns: 1910969940391419 ns
setup_percpu: NR_CPUS:8192 nr_cpumask_bits:1 nr_cpu_ids:1 nr_node_ids:1
percpu: Embedded 49 pages/cpu s160856 r8192 d31656 u2097152
Built 1 zonelists, mobility grouping on.  Total pages: 1034121
Kernel command line: earlyprintk=ttyS0 console=ttyS0 lpj=7999923 root=/dev/hda1 noibrs noibpb nopti nospectre_v2 nospectre_v1 l1tf=off nospec_store_bypass_disable no_stf_barrier mds=off mitigations=off 
Dentry cache hash table entries: 524288 (order: 10, 4194304 bytes, linear)
Inode-cache hash table entries: 262144 (order: 9, 2097152 bytes, linear)
mem auto-init: stack:off, heap alloc:off, heap free:off
Memory: 4043664K/4193912K available (8195K kernel code, 1281K rwdata, 2088K rodata, 1192K init, 1888K bss, 150248K reserved, 0K cma-reserved)
rcu: Hierarchical RCU implementation.
rcu: 	RCU restricting CPUs from NR_CPUS=8192 to nr_cpu_ids=1.
rcu: RCU calculated value of scheduler-enlistment delay is 100 jiffies.
rcu: Adjusting geometry for rcu_fanout_leaf=16, nr_cpu_ids=1
NR_IRQS: 524544, nr_irqs: 256, preallocated irqs: 16
random: get_random_bytes called from start_kernel+0x304/0x4e6 with crng_init=0
Console: colour dummy device 80x25
printk: console [ttyS0] enabled
printk: console [ttyS0] enabled
printk: bootconsole [earlyser0] disabled
printk: bootconsole [earlyser0] disabled
APIC: Switch to symmetric I/O mode setup
..TIMER: vector=0x30 apic1=0 pin1=2 apic2=0 pin2=0
clocksource: tsc-early: mask: 0xffffffffffffffff max_cycles: 0x39a7bff902e, max_idle_ns: 881590651046 ns
Calibrating delay loop (skipped) preset value.. 15999.84 BogoMIPS (lpj=7999923)
pid_max: default: 32768 minimum: 301
Mount-cache hash table entries: 8192 (order: 4, 65536 bytes, linear)
Mountpoint-cache hash table entries: 8192 (order: 4, 65536 bytes, linear)
mce: unknown CPU type - not enabling MCE support
Last level iTLB entries: 4KB 0, 2MB 0, 4MB 0
Last level dTLB entries: 4KB 0, 2MB 0, 4MB 0, 1GB 0
Speculative Store Bypass: Vulnerable
Freeing SMP alternatives memory: 12K
smpboot: CPU0: M5 Simulator Fake M5 x86_64 CPU (family: 0xf, model: 0x25, stepping: 0x1)
Performance Events: no PMU driver, software events only.
rcu: Hierarchical SRCU implementation.
smp: Bringing up secondary CPUs ...
smp: Brought up 1 node, 1 CPU
smpboot: Max logical packages: 1
smpboot: Total of 1 processors activated (15999.84 BogoMIPS)
devtmpfs: initialized
clocksource: jiffies: mask: 0xffffffff max_cycles: 0xffffffff, max_idle_ns: 1911260446275000 ns
futex hash table entries: 256 (order: 2, 16384 bytes, linear)
NET: Registered protocol family 16
audit: initializing netlink subsys (disabled)
cpuidle: using governor ladder
PCI: Using configuration type 1 for base access
audit: type=2000 audit(1325376000.215:1): state=initialized audit_enabled=0 res=1
HugeTLB registered 2.00 MiB page size, pre-allocated 0 pages
ACPI: Interpreter disabled.
vgaarb: loaded
SCSI subsystem initialized
usbcore: registered new interface driver usbfs
usbcore: registered new interface driver hub
usbcore: registered new device driver usb
pps_core: LinuxPPS API ver. 1 registered
pps_core: Software ver. 5.3.6 - Copyright 2005-2007 Rodolfo Giometti <giometti@linux.it>
PTP clock support registered
PCI: Probing PCI hardware
PCI host bridge to bus 0000:00
pci_bus 0000:00: root bus resource [io  0x0000-0xffff]
pci_bus 0000:00: root bus resource [mem 0x00000000-0xffffffffffff]
pci_bus 0000:00: No busn resource found for root bus, will use [bus 00-ff]
pci 0000:00:04.0: [8086:7111] type 00 class 0x010180
pci 0000:00:04.0: reg 0x20: [io  0x0000-0x000f]
pci 0000:00:04.0: reg 0x30: [mem 0x00000000-0x000007ff pref]
pci 0000:00:04.0: legacy IDE quirk: reg 0x10: [io  0x01f0-0x01f7]
pci 0000:00:04.0: legacy IDE quirk: reg 0x14: [io  0x03f6]
pci 0000:00:04.0: legacy IDE quirk: reg 0x18: [io  0x0170-0x0177]
pci 0000:00:04.0: legacy IDE quirk: reg 0x1c: [io  0x0376]
pci 0000:00:05.0: [144d:2001] type 00 class 0x010802
pci 0000:00:05.0: reg 0x10: [mem 0x00000000-0x00001fff]
pci 0000:00:05.0: reg 0x20: [mem 0x00000000-0x00001fff]
pci 0000:00:05.0: reg 0x24: [mem 0x00000000-0x00000fff]
pci 0000:00:05.0: reg 0x30: [mem 0x00000000-0x000007ff pref]
pci_bus 0000:00: busn_res: [bus 00-ff] end is updated to 00
clocksource: Switched to clocksource tsc-early
VFS: Disk quotas dquot_6.6.0
VFS: Dquot-cache hash table entries: 512 (order 0, 4096 bytes)
pnp: PnP ACPI: disabled
thermal_sys: Registered thermal governor 'step_wise'
thermal_sys: Registered thermal governor 'user_space'
pci 0000:00:05.0: BAR 0: assigned [mem 0xc0000000-0xc0001fff]
pci 0000:00:05.0: BAR 4: assigned [mem 0xc0002000-0xc0003fff]
pci 0000:00:05.0: BAR 5: assigned [mem 0xc0004000-0xc0004fff]
pci 0000:00:04.0: BAR 6: assigned [mem 0xc0005000-0xc00057ff pref]
pci 0000:00:05.0: BAR 6: assigned [mem 0xc0005800-0xc0005fff pref]
pci 0000:00:04.0: BAR 4: assigned [io  0x1000-0x100f]
pci_bus 0000:00: resource 4 [io  0x0000-0xffff]
pci_bus 0000:00: resource 5 [mem 0x00000000-0xffffffffffff]
NET: Registered protocol family 2
tcp_listen_portaddr_hash hash table entries: 2048 (order: 3, 32768 bytes, linear)
TCP established hash table entries: 32768 (order: 6, 262144 bytes, linear)
TCP bind hash table entries: 32768 (order: 7, 524288 bytes, linear)
TCP: Hash tables configured (established 32768 bind 32768)
UDP hash table entries: 2048 (order: 4, 65536 bytes, linear)
UDP-Lite hash table entries: 2048 (order: 4, 65536 bytes, linear)
NET: Registered protocol family 1
PCI: CLS 0 bytes, default 64
PCI-DMA: Using software bounce buffering for IO (SWIOTLB)
software IO TLB: mapped [mem 0xbc000000-0xc0000000] (64MB)
platform rtc_cmos: registered platform RTC device (no PNP device found)
workingset: timestamp_bits=62 max_order=20 bucket_order=0
fuse: init (API version 7.31)
Block layer SCSI generic (bsg) driver version 0.4 loaded (major 252)
io scheduler mq-deadline registered
io scheduler kyber registered
acpiphp_ibm: ibm_acpiphp_init: acpi_walk_namespace failed
Serial: 8250/16550 driver, 4 ports, IRQ sharing disabled
serial8250: ttyS0 at I/O 0x3f8 (irq = 4, base_baud = 115200) is a 8250
Linux agpgart interface v0.103
brd: module loaded
loop: module loaded
Uniform Multi-Platform E-IDE driver
piix 0000:00:04.0: IDE controller (0x8086:0x7111 rev 0x00)
pci 0000:00:04.0: enabling device (0000 -> 0001)
pci 0000:00:04.0: PCI->APIC IRQ transform: INT A -> IRQ 16
piix 0000:00:04.0: not 100% native mode: will probe irqs later
legacy IDE will be removed in 2021, please switch to libata
Report any missing HW support to linux-ide@vger.kernel.org
    ide0: BM-DMA at 0x1000-0x1007
    ide1: BM-DMA at 0x1008-0x100f
hda: M5 IDE Disk, ATA DISK drive
hda: UDMA/33 mode selected
clocksource: tsc: mask: 0xffffffffffffffff max_cycles: 0x39a7bff902e, max_idle_ns: 881590651046 ns
clocksource: Switched to clocksource tsc
ide0 at 0x1f0-0x1f7,0x3f6 on irq 14
ide1 at 0x170-0x177,0x376 on irq 15
ide_generic: please use "probe_mask=0x3f" module parameter for probing all legacy ISA IDE ports
ide-gd driver 1.18
hda: max request size: 128KiB
hda: 4194304 sectors (2147 MB), CHS=4161/16/63
 hda: hda1
ide-cd driver 5.00
Loading iSCSI transport class v2.0-870.
e1000: Intel(R) PRO/1000 Network Driver - version 7.3.21-k8-NAPI
e1000: Copyright (c) 1999-2006 Intel Corporation.
e1000e: Intel(R) PRO/1000 Network Driver - 3.2.6-k
e1000e: Copyright(c) 1999 - 2015 Intel Corporation.
igb: Intel(R) Gigabit Ethernet Network Driver - version 5.6.0-k
igb: Copyright (c) 2007-2014 Intel Corporation.
igbvf: Intel(R) Gigabit Virtual Function Network Driver - version 2.4.0-k
igbvf: Copyright (c) 2009 - 2012 Intel Corporation.
ixgbe: Intel(R) 10 Gigabit PCI Express Network Driver - version 5.1.0-k
ixgbe: Copyright (c) 1999-2016 Intel Corporation.
ixgbevf: Intel(R) 10 Gigabit PCI Express Virtual Function Network Driver - version 4.1.0-k
ixgbevf: Copyright (c) 2009 - 2018 Intel Corporation.
ixgb: Intel(R) PRO/10GbE Network Driver - version 1.0.135-k2-NAPI
ixgb: Copyright (c) 1999-2008 Intel Corporation.
ehci_hcd: USB 2.0 'Enhanced' Host Controller (EHCI) Driver
ehci-pci: EHCI PCI platform driver
ohci_hcd: USB 1.1 'Open' Host Controller (OHCI) Driver
ohci-pci: OHCI PCI platform driver
uhci_hcd: USB Universal Host Controller Interface driver
i8042: PNP: No PS/2 controller found.
i8042: Probing ports directly.
serio: i8042 KBD port at 0x60,0x64 irq 1
serio: i8042 AUX port at 0x60,0x64 irq 12
mousedev: PS/2 mouse device common for all mice
input: AT Translated Set 2 keyboard as /devices/platform/i8042/serio0/input/input0
usbcore: registered new interface driver usbhid
usbhid: USB HID core driver
NET: Registered protocol family 17
mce: Unable to init MCE device (rc: -5)
IPI shorthand broadcast: enabled
sched_clock: Marking stable (2027399441, 590357)->(2028073080, -83282)
EXT4-fs (hda1): mounted filesystem with ordered data mode. Opts: (null)
VFS: Mounted root (ext4 filesystem) on device 3:1.
devtmpfs: mounted
Freeing unused kernel image memory: 1192K
Write protecting the kernel read-only data: 14336k
Freeing unused kernel image memory: 2028K
Freeing unused kernel image memory: 2008K
rodata_test: all tests were successful
Run /sbin/init as init process
random: fast init done
systemd[1]: System time before build time, advancing clock.
systemd[1]: systemd 237 running in system mode. (+PAM +AUDIT +SELINUX +IMA +APPARMOR +SMACK +SYSVINIT +UTMP +LIBCRYPTSETUP +GCRYPT +GNUTLS +ACL +XZ +LZ4 +SECCOMP +BLKID +ELFUTILS +KMOD -IDN2 +IDN -PCRE2 default-hierarchy=hybrid)
systemd[1]: Detected architecture x86-64.

Welcome to [1mUbuntu 18.04.2 LTS[0m!

systemd[1]: Set hostname to <gem5-host>.
systemd[1]: File /lib/systemd/system/systemd-journald.service:36 configures an IP firewall (IPAddressDeny=any), but the local system does not support BPF/cgroup based firewalling.
systemd[1]: Proceeding WITHOUT firewalling in effect! (This warning is only shown for the first loaded unit using IP firewalling.)
random: systemd: uninitialized urandom read (16 bytes read)
systemd[1]: Created slice User and Session Slice.
[[0;32m  OK  [0m] Created slice User and Session Slice.
random: systemd: uninitialized urandom read (16 bytes read)
systemd[1]: Started Forward Password Requests to Wall Directory Watch.
[[0;32m  OK  [0m] Started Forward Password Requests to Wall Directory Watch.
random: systemd: uninitialized urandom read (16 bytes read)
systemd[1]: Created slice System Slice.
[[0;32m  OK  [0m] Created slice System Slice.
systemd[1]: Listening on fsck to fsckd communication Socket.
[[0;32m  OK  [0m] Listening on fsck to fsckd communication Socket.
systemd[1]: Listening on Syslog Socket.
[[0;32m  OK  [0m] Listening on Syslog Socket.
[[0;32m  OK  [0m] Listening on /dev/initctl Compatibility Named Pipe.
[[0;32m  OK  [0m] Created slice system-serial\x2dgetty.slice.
[[0;32m  OK  [0m] Listening on Journal Audit Socket.
[[0;32m  OK  [0m] Listening on udev Kernel Socket.
[[0;32m  OK  [0m] Listening on Journal Socket (/dev/log).
[[0;32m  OK  [0m] Listening on Journal Socket.
         Mounting POSIX Message Queue File System...
         Starting Set the console keyboard layout...
         Mounting Kernel Debug File System...
         Mounting Huge Pages File System...
         Starting Load Kernel Modules...
[[0;32m  OK  [0m] Started Read required files in advance.
         Starting Remount Root and Kernel File Systems...
         Starting Create Static Device Nodes in /dev...
[[0;32m  OK  [0m] Reached target User and Group Name Lookups.
[[0;32m  OK  [0m] Listening on udev Control Socket.
         Starting udev Coldplug all Devices...
         Starting Journal Service...
[[0;32m  OK  [0m] Reached target Remote File Systems.
         Starting Uncomplicated firewall...
[[0;32m  OK  [0m] Reached target Slices.
[[0;32m  OK  [0m] Mounted POSIX Message Queue File System.
[[0;32m  OK  [0m] Started Set the console keyboard layout.
[[0;32m  OK  [0m] Mounted Kernel Debug File System.
[[0;32m  OK  [0m] Mounted Huge Pages File System.
[[0;32m  OK  [0m] Started Load Kernel Modules.
[[0;32m  OK  [0m] Started Uncomplicated firewall.
[[0;32m  OK  [0m] Started Create Static Device Nodes in /dev.
         Mounting FUSE Control File System...
         Starting Apply Kernel Variables...
         Mounting Kernel Configuration File System...
[[0;32m  OK  [0m] Mounted FUSE Control File System.
[[0;32m  OK  [0m] Mounted Kernel Configuration File System.
[[0;32m  OK  [0m] Started Apply Kernel Variables.
[[0;32m  OK  [0m] Started Journal Service.
[[0;32m  OK  [0m] Started Remount Root and Kernel File Systems.
         Activating swap /swapfile...
         Starting Flush Journal to Persistent Storage...
[[0;32m  OK  [0m] Reached target Local File Systems (Pre).
         Starting udev Kernel Device Manager...
[[0;32m  OK  [0m] Reached target Local File Systems.
         Starting Set console font and keymap...
         Starting Tell Plymouth To Write Out Runtime Data...
         Starting Load/Save Random Seed...
[[0;32m  OK  [0m] Started Tell Plymouth To Write Out Runtime Data.
[[0;32m  OK  [0m] Started Set console font and keymap.
[[0;32m  OK  [0m] Started Load/Save Random Seed.
[[0;32m  OK  [0m] Started udev Kernel Device Manager.
         Starting Network Service...
[[0;32m  OK  [0m] Activated swap /swapfile.
[[0;32m  OK  [0m] Reached target Swap.
[[0;32m  OK  [0m] Started Flush Journal to Persistent Storage.
         Starting Create Volatile Files and Directories...
[[0;32m  OK  [0m] Started Network Service.
[[0;32m  OK  [0m] Started Create Volatile Files and Directories.
         Starting Network Name Resolution...
         Starting Network Time Synchronization...
         Starting Update UTMP about System Boot/Shutdown...
[[0;32m  OK  [0m] Found device /dev/ttyS0.
[[0;32m  OK  [0m] Started udev Coldplug all Devices.
[[0;32m  OK  [0m] Started Update UTMP about System Boot/Shutdown.
[[0;32m  OK  [0m] Started Network Name Resolution.
[[0;32m  OK  [0m] Reached target Network.
[[0;32m  OK  [0m] Reached target Host and Network Name Lookups.
[[0;32m  OK  [0m] Started Dispatch Password Requests to Console Directory Watch.
[[0;32m  OK  [0m] Reached target Local Encrypted Volumes.
[[0;32m  OK  [0m] Reached target Paths.
[[0;32m  OK  [0m] Started Network Time Synchronization.
[[0;32m  OK  [0m] Reached target System Time Synchronized.
[[0;32m  OK  [0m] Reached target System Initialization.
[[0;32m  OK  [0m] Started Discard unused blocks once a week.
[[0;32m  OK  [0m] Listening on D-Bus System Message Bus Socket.
[[0;32m  OK  [0m] Started Daily apt download activities.
[[0;32m  OK  [0m] Started Daily apt upgrade and clean activities.
[[0;32m  OK  [0m] Started Message of the Day.
[[0;32m  OK  [0m] Started Daily Cleanup of Temporary Directories.
[[0;32m  OK  [0m] Reached target Timers.
[[0;32m  OK  [0m] Listening on UUID daemon activation socket.
[[0;32m  OK  [0m] Reached target Sockets.
[[0;32m  OK  [0m] Reached target Basic System.
[[0;32m  OK  [0m] Started Regular background program processing daemon.
[[0;32m  OK  [0m] Started irqbalance daemon.
         Starting Login Service...
         Starting System Logging Service...
[[0;32m  OK  [0m] Started D-Bus System Message Bus.
[[0;32m  OK  [0m] Started Login Service.
         Starting OpenBSD Secure Shell server...
         Starting Permit User Sessions...
         Starting Dispatcher daemon for systemd-networkd...
         Starting Accounts Service...
[[0;32m  OK  [0m] Started Set the CPU Frequency Scaling governor.
         Starting LSB: Record successful boot for GRUB...
[[0;32m  OK  [0m] Started System Logging Service.
[[0;32m  OK  [0m] Started Permit User Sessions.
         Starting Terminate Plymouth Boot Screen...
         Starting Hold until boot process finishes up...
[[0;32m  OK  [0m] Started Hold until boot process finishes up.
[[0;32m  OK  [0m] Started Serial Getty on ttyS0.
         Starting Set console scheme...
[[0;1;31mFAILED[0m] Failed to start Accounts Service.
See 'systemctl status accounts-daemon.service' for details.
[[0;32m  OK  [0m] Started Terminate Plymouth Boot Screen.
[[0;32m  OK  [0m] Started Set console scheme.
[[0;32m  OK  [0m] Created slice system-getty.slice.
[[0;32m  OK  [0m] Started Getty on tty1.
[[0;32m  OK  [0m] Reached target Login Prompts.
[[0;32m  OK  [0m] Started LSB: Record successful boot for GRUB.
[[0;32m  OK  [0m] Started OpenBSD Secure Shell server.
[[0;1;31mFAILED[0m] Failed to start Dispatcher daemon for systemd-networkd.
See 'systemctl status networkd-dispatcher.service' for details.
[[0;32m  OK  [0m] Reached target Multi-User System.
[[0;32m  OK  [0m] Reached target Graphical Interface.
[[0;32m  OK  [0m] Started Stop ureadahead data collection 45s after completed startup.
         Starting Update UTMP about System Runlevel Changes...
[[0;32m  OK  [0m] Started Update UTMP about System Runlevel Changes.

Ubuntu 18.04.2 LTS gem5-host ttyS0

gem5-host login: root (automatic login)

Welcome to Ubuntu 18.04.2 LTS (GNU/Linux 5.4.49 x86_64)

 * Documentation:  https://help.ubuntu.com
 * Management:     https://landscape.canonical.com
 * Support:        https://ubuntu.com/advantage


The programs included with the Ubuntu system are free software;
the exact distribution terms for each program are described in the
individual files in /usr/share/doc/*/copyright.

Ubuntu comes with ABSOLUTELY NO WARRANTY, to the extent permitted by
applicable law.

Starting gem5 init... reading run script file.
Running m5 script from /tmp/script
PHASE1_RUNSCRIPT_START
PHASE1_RUNSCRIPT_INFO: uname=Linux gem5-host 5.4.49 #8 SMP Mon Jun 29 14:40:17 PDT 2020 x86_64 x86_64 x86_64 GNU/Linux
PHASE1_RUNSCRIPT_INFO: pwd=/root
PHASE1_RUNSCRIPT_INFO: mounts:
  /dev/hda1 on / type ext4 (rw,relatime,errors=remount-ro)
  devtmpfs on /dev type devtmpfs (rw,relatime,size=2021836k,nr_inodes=505459,mode=755)
  sysfs on /sys type sysfs (rw,nosuid,nodev,noexec,relatime)
  proc on /proc type proc (rw,nosuid,nodev,noexec,relatime)
  tmpfs on /dev/shm type tmpfs (rw,nosuid,nodev)
  devpts on /dev/pts type devpts (rw,nosuid,noexec,relatime,gid=5,mode=620,ptmxmode=000)
  tmpfs on /run type tmpfs (rw,nosuid,nodev,mode=755)
  tmpfs on /run/lock type tmpfs (rw,nosuid,nodev,noexec,relatime,size=5120k)
  tmpfs on /sys/fs/cgroup type tmpfs (ro,nosuid,nodev,noexec,mode=755)
  cgroup on /sys/fs/cgroup/unified type cgroup2 (rw,nosuid,nodev,noexec,relatime,nsdelegate)
  cgroup on /sys/fs/cgroup/systemd type cgroup (rw,nosuid,nodev,noexec,relatime,xattr,name=systemd)
  hugetlbfs on /dev/hugepages type hugetlbfs (rw,relatime,pagesize=2M)
  debugfs on /sys/kernel/debug type debugfs (rw,relatime)
  mqueue on /dev/mqueue type mqueue (rw,relatime)
  tracefs on /sys/kernel/debug/tracing type tracefs (rw,relatime)
  fusectl on /sys/fs/fuse/connections type fusectl (rw,relatime)
  configfs on /sys/kernel/config type configfs (rw,relatime)
  tmpfs on /run/user/0 type tmpfs (rw,nosuid,nodev,relatime,size=404888k,mode=700)
PHASE1_RUNSCRIPT_INFO: ls /
  total 95192
  drwxr-xr-x 22 root root     4096 Sep 17  2021 .
  drwxr-xr-x 22 root root     4096 Sep 17  2021 ..
  drwxr-xr-x  2 root root     4096 Sep 17  2021 bin
  drwxr-xr-x  3 root root     4096 Sep 17  2021 boot
  drwxr-xr-x 10 root root     3000 Jan 28 10:58 dev
  drwxr-xr-x 76 root root     4096 Sep 17  2021 etc
  drwxr-xr-x  3 root root     4096 Sep 17  2021 home
  lrwxrwxrwx  1 root root       33 Sep 17  2021 initrd.img -> boot/initrd.img-4.15.0-45-generic
  lrwxrwxrwx  1 root root       33 Sep 17  2021 initrd.img.old -> boot/initrd.img-4.15.0-45-generic
  drwxr-xr-x 18 root root     4096 Sep 17  2021 lib
  drwxr-xr-x  2 root root     4096 Sep 17  2021 lib64
  drwx------  2 root root    16384 Sep 17  2021 lost+found
  drwxr-xr-x  4 root root     4096 Sep 17  2021 media
  drwxr-xr-x  2 root root     4096 Feb  9  2019 mnt
  drwxr-xr-x  2 root root     4096 Feb  9  2019 opt
  dr-xr-xr-x 62 root root        0 Dec 31  2011 proc
  drwx------  4 root root     4096 Jan 28 10:58 root
  drwxr-xr-x 16 root root      500 Jan 28 10:58 run
  drwxr-xr-x  2 root root     4096 Sep 17  2021 sbin
  drwxr-xr-x  2 root root     4096 Feb  9  2019 srv
  -rw-------  1 root root 97387520 Sep 17  2021 swapfile
  dr-xr-xr-x 12 root root        0 Dec 31  2011 sys
  drwxrwxrwt  9 root root     4096 Jan 28 10:58 tmp
  drwxr-xr-x 10 root root     4096 Sep 17  2021 usr
  drwxr-xr-x 11 root root     4096 Sep 17  2021 var
  lrwxrwxrwx  1 root root       30 Sep 17  2021 vmlinuz -> boot/vmlinuz-4.15.0-45-generic
  lrwxrwxrwx  1 root root       30 Sep 17  2021 vmlinuz.old -> boot/vmlinuz-4.15.0-45-generic
PHASE1_RUNSCRIPT_INFO: ls /mnt
  total 8
  drwxr-xr-x  2 root root 4096 Feb  9  2019 .
  drwxr-xr-x 22 root root 4096 Sep 17  2021 ..
PHASE1_RUNSCRIPT_ERROR: repo not found
Checked: /root/SimpleSSD_Gem5_simulation /root/SimpleSSD_Gem5_simulation /home/root/SimpleSSD_Gem5_simulation /home/ubuntu/SimpleSSD_Gem5_simulation /mnt/host/SimpleSSD_Gem5_simulation /mnt/9p/SimpleSSD_Gem5_simulation
PHASE1_RUNSCRIPT_LOG_BEGIN
PHASE1_RUNSCRIPT_START
PHASE1_RUNSCRIPT_INFO: uname=Linux gem5-host 5.4.49 #8 SMP Mon Jun 29 14:40:17 PDT 2020 x86_64 x86_64 x86_64 GNU/Linux
PHASE1_RUNSCRIPT_INFO: pwd=/root
PHASE1_RUNSCRIPT_INFO: mounts:
  /dev/hda1 on / type ext4 (rw,relatime,errors=remount-ro)
  devtmpfs on /dev type devtmpfs (rw,relatime,size=2021836k,nr_inodes=505459,mode=755)
  sysfs on /sys type sysfs (rw,nosuid,nodev,noexec,relatime)
  proc on /proc type proc (rw,nosuid,nodev,noexec,relatime)
  tmpfs on /dev/shm type tmpfs (rw,nosuid,nodev)
  devpts on /dev/pts type devpts (rw,nosuid,noexec,relatime,gid=5,mode=620,ptmxmode=000)
  tmpfs on /run type tmpfs (rw,nosuid,nodev,mode=755)
  tmpfs on /run/lock type tmpfs (rw,nosuid,nodev,noexec,relatime,size=5120k)
  tmpfs on /sys/fs/cgroup type tmpfs (ro,nosuid,nodev,noexec,mode=755)
  cgroup on /sys/fs/cgroup/unified type cgroup2 (rw,nosuid,nodev,noexec,relatime,nsdelegate)
  cgroup on /sys/fs/cgroup/systemd type cgroup (rw,nosuid,nodev,noexec,relatime,xattr,name=systemd)
  hugetlbfs on /dev/hugepages type hugetlbfs (rw,relatime,pagesize=2M)
  debugfs on /sys/kernel/debug type debugfs (rw,relatime)
  mqueue on /dev/mqueue type mqueue (rw,relatime)
  tracefs on /sys/kernel/debug/tracing type tracefs (rw,relatime)
  fusectl on /sys/fs/fuse/connections type fusectl (rw,relatime)
  configfs on /sys/kernel/config type configfs (rw,relatime)
  tmpfs on /run/user/0 type tmpfs (rw,nosuid,nodev,relatime,size=404888k,mode=700)
PHASE1_RUNSCRIPT_INFO: ls /
  total 95192
  drwxr-xr-x 22 root root     4096 Sep 17  2021 .
  drwxr-xr-x 22 root root     4096 Sep 17  2021 ..
  drwxr-xr-x  2 root root     4096 Sep 17  2021 bin
  drwxr-xr-x  3 root root     4096 Sep 17  2021 boot
  drwxr-xr-x 10 root root     3000 Jan 28 10:58 dev
  drwxr-xr-x 76 root root     4096 Sep 17  2021 etc
  drwxr-xr-x  3 root root     4096 Sep 17  2021 home
  lrwxrwxrwx  1 root root       33 Sep 17  2021 initrd.img -> boot/initrd.img-4.15.0-45-generic
  lrwxrwxrwx  1 root root       33 Sep 17  2021 initrd.img.old -> boot/initrd.img-4.15.0-45-generic
  drwxr-xr-x 18 root root     4096 Sep 17  2021 lib
  drwxr-xr-x  2 root root     4096 Sep 17  2021 lib64
  drwx------  2 root root    16384 Sep 17  2021 lost+found
  drwxr-xr-x  4 root root     4096 Sep 17  2021 media
  drwxr-xr-x  2 root root     4096 Feb  9  2019 mnt
  drwxr-xr-x  2 root root     4096 Feb  9  2019 opt
  dr-xr-xr-x 62 root root        0 Dec 31  2011 proc
  drwx------  4 root root     4096 Jan 28 10:58 root
  drwxr-xr-x 16 root root      500 Jan 28 10:58 run
  drwxr-xr-x  2 root root     4096 Sep 17  2021 sbin
  drwxr-xr-x  2 root root     4096 Feb  9  2019 srv
  -rw-------  1 root root 97387520 Sep 17  2021 swapfile
  dr-xr-xr-x 12 root root        0 Dec 31  2011 sys
  drwxrwxrwt  9 root root     4096 Jan 28 10:58 tmp
  drwxr-xr-x 10 root root     4096 Sep 17  2021 usr
  drwxr-xr-x 11 root root     4096 Sep 17  2021 var
  lrwxrwxrwx  1 root root       30 Sep 17  2021 vmlinuz -> boot/vmlinuz-4.15.0-45-generic
  lrwxrwxrwx  1 root root       30 Sep 17  2021 vmlinuz.old -> boot/vmlinuz-4.15.0-45-generic
PHASE1_RUNSCRIPT_INFO: ls /mnt
  total 8
  drwxr-xr-x  2 root root 4096 Feb  9  2019 .
  drwxr-xr-x 22 root root 4096 Sep 17  2021 ..
PHASE1_RUNSCRIPT_ERROR: repo not found
Checked: /root/SimpleSSD_Gem5_simulation /root/SimpleSSD_Gem5_simulation /home/root/SimpleSSD_Gem5_simulation /home/ubuntu/SimpleSSD_Gem5_simulation /mnt/host/SimpleSSD_Gem5_simulation /mnt/9p/SimpleSSD_Gem5_simulation
PHASE1_RUNSCRIPT_LOG_END
